../Core/Inc/lcd.h:45:6:LCD_string	24	static
../Core/Inc/lcd.h:54:6:LCD_init	8	static
../Core/Inc/lcd.h:72:6:PORTS_init	4	static
../Core/Inc/lcd.h:86:6:LCD_nibble_write	16	static,ignoring_inline_asm
../Core/Inc/lcd.h:101:6:LCD_command	16	static
../Core/Inc/lcd.h:111:6:LCD_data	16	static
../Core/Inc/lcd.h:117:6:delay	24	static
../Core/Src/main.c:72:5:main	16	static
../Core/Src/main.c:144:6:SystemClock_Config	88	static
../Core/Src/main.c:187:13:MX_I2C1_Init	8	static
../Core/Src/main.c:221:13:MX_RTC_Init	72	static
../Core/Src/main.c:303:13:MX_GPIO_Init	16	static
../Core/Src/main.c:319:6:Error_Handler	4	static,ignoring_inline_asm
