../Core/Inc/lcd.h:45:6:LCD_string	24	static
../Core/Inc/lcd.h:54:6:LCD_init	8	static
../Core/Inc/lcd.h:72:6:PORTS_init	4	static
../Core/Inc/lcd.h:86:6:LCD_nibble_write	16	static,ignoring_inline_asm
../Core/Inc/lcd.h:101:6:LCD_command	16	static
../Core/Inc/lcd.h:111:6:LCD_data	16	static
../Core/Inc/lcd.h:117:6:delay	24	static
../Core/Src/main.c:74:5:main	16	static
../Core/Src/main.c:120:6:HAL_UART_RxCpltCallback	16	static
../Core/Src/main.c:182:6:SystemClock_Config	88	static
../Core/Src/main.c:224:13:MX_USART1_UART_Init	8	static
../Core/Src/main.c:257:13:MX_GPIO_Init	40	static
../Core/Src/main.c:285:6:Error_Handler	4	static,ignoring_inline_asm
