Archive member included to satisfy reference by file (symbol)

c:/st/stm32cubeide_1.10.1/stm32cubeide/plugins/com.st.stm32cube.ide.mcu.externaltools.gnu-tools-for-stm32.10.3-2021.10.win32_1.0.0.202111181127/tools/bin/../lib/gcc/arm-none-eabi/10.3.1/../../../../arm-none-eabi/lib/thumb/v7e-m+fp/hard\libc_nano.a(lib_a-errno.o)
                              ./Core/Src/syscalls.o (__errno)
c:/st/stm32cubeide_1.10.1/stm32cubeide/plugins/com.st.stm32cube.ide.mcu.externaltools.gnu-tools-for-stm32.10.3-2021.10.win32_1.0.0.202111181127/tools/bin/../lib/gcc/arm-none-eabi/10.3.1/../../../../arm-none-eabi/lib/thumb/v7e-m+fp/hard\libc_nano.a(lib_a-exit.o)
                              c:/st/stm32cubeide_1.10.1/stm32cubeide/plugins/com.st.stm32cube.ide.mcu.externaltools.gnu-tools-for-stm32.10.3-2021.10.win32_1.0.0.202111181127/tools/bin/../lib/gcc/arm-none-eabi/10.3.1/../../../../arm-none-eabi/lib/thumb/v7e-m+fp/hard/crt0.o (exit)
c:/st/stm32cubeide_1.10.1/stm32cubeide/plugins/com.st.stm32cube.ide.mcu.externaltools.gnu-tools-for-stm32.10.3-2021.10.win32_1.0.0.202111181127/tools/bin/../lib/gcc/arm-none-eabi/10.3.1/../../../../arm-none-eabi/lib/thumb/v7e-m+fp/hard\libc_nano.a(lib_a-impure.o)
                              c:/st/stm32cubeide_1.10.1/stm32cubeide/plugins/com.st.stm32cube.ide.mcu.externaltools.gnu-tools-for-stm32.10.3-2021.10.win32_1.0.0.202111181127/tools/bin/../lib/gcc/arm-none-eabi/10.3.1/../../../../arm-none-eabi/lib/thumb/v7e-m+fp/hard\libc_nano.a(lib_a-exit.o) (_global_impure_ptr)
c:/st/stm32cubeide_1.10.1/stm32cubeide/plugins/com.st.stm32cube.ide.mcu.externaltools.gnu-tools-for-stm32.10.3-2021.10.win32_1.0.0.202111181127/tools/bin/../lib/gcc/arm-none-eabi/10.3.1/../../../../arm-none-eabi/lib/thumb/v7e-m+fp/hard\libc_nano.a(lib_a-init.o)
                              c:/st/stm32cubeide_1.10.1/stm32cubeide/plugins/com.st.stm32cube.ide.mcu.externaltools.gnu-tools-for-stm32.10.3-2021.10.win32_1.0.0.202111181127/tools/bin/../lib/gcc/arm-none-eabi/10.3.1/../../../../arm-none-eabi/lib/thumb/v7e-m+fp/hard/crt0.o (__libc_init_array)
c:/st/stm32cubeide_1.10.1/stm32cubeide/plugins/com.st.stm32cube.ide.mcu.externaltools.gnu-tools-for-stm32.10.3-2021.10.win32_1.0.0.202111181127/tools/bin/../lib/gcc/arm-none-eabi/10.3.1/../../../../arm-none-eabi/lib/thumb/v7e-m+fp/hard\libc_nano.a(lib_a-memset.o)
                              c:/st/stm32cubeide_1.10.1/stm32cubeide/plugins/com.st.stm32cube.ide.mcu.externaltools.gnu-tools-for-stm32.10.3-2021.10.win32_1.0.0.202111181127/tools/bin/../lib/gcc/arm-none-eabi/10.3.1/../../../../arm-none-eabi/lib/thumb/v7e-m+fp/hard/crt0.o (memset)
c:/st/stm32cubeide_1.10.1/stm32cubeide/plugins/com.st.stm32cube.ide.mcu.externaltools.gnu-tools-for-stm32.10.3-2021.10.win32_1.0.0.202111181127/tools/bin/../lib/gcc/arm-none-eabi/10.3.1/thumb/v7e-m+fp/hard\libgcc.a(_arm_addsubdf3.o)
                              ./Core/Src/BME280_STM32.o (__aeabi_ui2d)
c:/st/stm32cubeide_1.10.1/stm32cubeide/plugins/com.st.stm32cube.ide.mcu.externaltools.gnu-tools-for-stm32.10.3-2021.10.win32_1.0.0.202111181127/tools/bin/../lib/gcc/arm-none-eabi/10.3.1/thumb/v7e-m+fp/hard\libgcc.a(_arm_muldivdf3.o)
                              ./Core/Src/BME280_STM32.o (__aeabi_ddiv)
c:/st/stm32cubeide_1.10.1/stm32cubeide/plugins/com.st.stm32cube.ide.mcu.externaltools.gnu-tools-for-stm32.10.3-2021.10.win32_1.0.0.202111181127/tools/bin/../lib/gcc/arm-none-eabi/10.3.1/thumb/v7e-m+fp/hard\libgcc.a(_arm_truncdfsf2.o)
                              ./Core/Src/BME280_STM32.o (__aeabi_d2f)
c:/st/stm32cubeide_1.10.1/stm32cubeide/plugins/com.st.stm32cube.ide.mcu.externaltools.gnu-tools-for-stm32.10.3-2021.10.win32_1.0.0.202111181127/tools/bin/../lib/gcc/arm-none-eabi/10.3.1/thumb/v7e-m+fp/hard\libgcc.a(_aeabi_ldivmod.o)
                              ./Core/Src/BME280_STM32.o (__aeabi_ldivmod)
c:/st/stm32cubeide_1.10.1/stm32cubeide/plugins/com.st.stm32cube.ide.mcu.externaltools.gnu-tools-for-stm32.10.3-2021.10.win32_1.0.0.202111181127/tools/bin/../lib/gcc/arm-none-eabi/10.3.1/thumb/v7e-m+fp/hard\libgcc.a(_aeabi_uldivmod.o)
                              ./Drivers/STM32F4xx_HAL_Driver/Src/stm32f4xx_hal_rcc.o (__aeabi_uldivmod)
c:/st/stm32cubeide_1.10.1/stm32cubeide/plugins/com.st.stm32cube.ide.mcu.externaltools.gnu-tools-for-stm32.10.3-2021.10.win32_1.0.0.202111181127/tools/bin/../lib/gcc/arm-none-eabi/10.3.1/thumb/v7e-m+fp/hard\libgcc.a(_udivmoddi4.o)
                              c:/st/stm32cubeide_1.10.1/stm32cubeide/plugins/com.st.stm32cube.ide.mcu.externaltools.gnu-tools-for-stm32.10.3-2021.10.win32_1.0.0.202111181127/tools/bin/../lib/gcc/arm-none-eabi/10.3.1/thumb/v7e-m+fp/hard\libgcc.a(_aeabi_ldivmod.o) (__udivmoddi4)
c:/st/stm32cubeide_1.10.1/stm32cubeide/plugins/com.st.stm32cube.ide.mcu.externaltools.gnu-tools-for-stm32.10.3-2021.10.win32_1.0.0.202111181127/tools/bin/../lib/gcc/arm-none-eabi/10.3.1/thumb/v7e-m+fp/hard\libgcc.a(_dvmd_tls.o)
[...]
Memory Configuration

Name             Origin             Length             Attributes
RAM              0x0000000020000000 0x0000000000020000 xrw
FLASH            0x0000000008000000 0x0000000000080000 xr
*default*        0x0000000000000000 0xffffffffffffffff

Linker script and memory map

LOAD c:/st/stm32cubeide_1.10.1/stm32cubeide/plugins/com.st.stm32cube.ide.mcu.externaltools.gnu-tools-for-stm32.10.3-2021.10.win32_1.0.0.202111181127/tools/bin/../lib/gcc/arm-none-eabi/10.3.1/thumb/v7e-m+fp/hard/crti.o
LOAD c:/st/stm32cubeide_1.10.1/stm32cubeide/plugins/com.st.stm32cube.ide.mcu.externaltools.gnu-tools-for-stm32.10.3-2021.10.win32_1.0.0.202111181127/tools/bin/../lib/gcc/arm-none-eabi/10.3.1/thumb/v7e-m+fp/hard/crtbegin.o
LOAD c:/st/stm32cubeide_1.10.1/stm32cubeide/plugins/com.st.stm32cube.ide.mcu.externaltools.gnu-tools-for-stm32.10.3-2021.10.win32_1.0.0.202111181127/tools/bin/../lib/gcc/arm-none-eabi/10.3.1/../../../../arm-none-eabi/lib/thumb/v7e-m+fp/hard/crt0.o
LOAD ./Core/Src/BME280_STM32.o
LOAD ./Core/Src/main.o
LOAD ./Core/Src/stm32f4xx_hal_msp.o
LOAD ./Core/Src/stm32f4xx_it.o
LOAD ./Core/Src/syscalls.o
LOAD ./Core/Src/sysmem.o
LOAD ./Core/Src/system_stm32f4xx.o
LOAD ./Core/Startup/startup_stm32f411retx.o
LOAD ./Drivers/STM32F4xx_HAL_Driver/Src/stm32f4xx_hal.o
LOAD ./Drivers/STM32F4xx_HAL_Driver/Src/stm32f4xx_hal_cortex.o
LOAD ./Drivers/STM32F4xx_HAL_Driver/Src/stm32f4xx_hal_dma.o
LOAD ./Drivers/STM32F4xx_HAL_Driver/Src/stm32f4xx_hal_dma_ex.o
LOAD ./Drivers/STM32F4xx_HAL_Driver/Src/stm32f4xx_hal_exti.o
LOAD ./Drivers/STM32F4xx_HAL_Driver/Src/stm32f4xx_hal_flash.o
LOAD ./Drivers/STM32F4xx_HAL_Driver/Src/stm32f4xx_hal_flash_ex.o
LOAD ./Drivers/STM32F4xx_HAL_Driver/Src/stm32f4xx_hal_flash_ramfunc.o
LOAD ./Drivers/STM32F4xx_HAL_Driver/Src/stm32f4xx_hal_gpio.o
LOAD ./Drivers/STM32F4xx_HAL_Driver/Src/stm32f4xx_hal_i2c.o
LOAD ./Drivers/STM32F4xx_HAL_Driver/Src/stm32f4xx_hal_i2c_ex.o
LOAD ./Drivers/STM32F4xx_HAL_Driver/Src/stm32f4xx_hal_pwr.o
LOAD ./Drivers/STM32F4xx_HAL_Driver/Src/stm32f4xx_hal_pwr_ex.o
LOAD ./Drivers/STM32F4xx_HAL_Driver/Src/stm32f4xx_hal_rcc.o
LOAD ./Drivers/STM32F4xx_HAL_Driver/Src/stm32f4xx_hal_rcc_ex.o
START GROUP
LOAD c:/st/stm32cubeide_1.10.1/stm32cubeide/plugins/com.st.stm32cube.ide.mcu.externaltools.gnu-tools-for-stm32.10.3-2021.10.win32_1.0.0.202111181127/tools/bin/../lib/gcc/arm-none-eabi/10.3.1/../../../../arm-none-eabi/lib/thumb/v7e-m+fp/hard\libc_nano.a
LOAD c:/st/stm32cubeide_1.10.1/stm32cubeide/plugins/com.st.stm32cube.ide.mcu.externaltools.gnu-tools-for-stm32.10.3-2021.10.win32_1.0.0.202111181127/tools/bin/../lib/gcc/arm-none-eabi/10.3.1/../../../../arm-none-eabi/lib/thumb/v7e-m+fp/hard\libm.a
END GROUP
START GROUP
LOAD c:/st/stm32cubeide_1.10.1/stm32cubeide/plugins/com.st.stm32cube.ide.mcu.externaltools.gnu-tools-for-stm32.10.3-2021.10.win32_1.0.0.202111181127/tools/bin/../lib/gcc/arm-none-eabi/10.3.1/thumb/v7e-m+fp/hard\libgcc.a
LOAD c:/st/stm32cubeide_1.10.1/stm32cubeide/plugins/com.st.stm32cube.ide.mcu.externaltools.gnu-tools-for-stm32.10.3-2021.10.win32_1.0.0.202111181127/tools/bin/../lib/gcc/arm-none-eabi/10.3.1/../../../../arm-none-eabi/lib/thumb/v7e-m+fp/hard\libc_nano.a
END GROUP
START GROUP
LOAD c:/st/stm32cubeide_1.10.1/stm32cubeide/plugins/com.st.stm32cube.ide.mcu.externaltools.gnu-tools-for-stm32.10.3-2021.10.win32_1.0.0.202111181127/tools/bin/../lib/gcc/arm-none-eabi/10.3.1/thumb/v7e-m+fp/hard\libgcc.a
LOAD c:/st/stm32cubeide_1.10.1/stm32cubeide/plugins/com.st.stm32cube.ide.mcu.externaltools.gnu-tools-for-stm32.10.3-2021.10.win32_1.0.0.202111181127/tools/bin/../lib/gcc/arm-none-eabi/10.3.1/../../../../arm-none-eabi/lib/thumb/v7e-m+fp/hard\libc_nano.a
LOAD c:/st/stm32cubeide_1.10.1/stm32cubeide/plugins/com.st.stm32cube.ide.mcu.externaltools.gnu-tools-for-stm32.10.3-2021.10.win32_1.0.0.202111181127/tools/bin/../lib/gcc/arm-none-eabi/10.3.1/../../../../arm-none-eabi/lib/thumb/v7e-m+fp/hard\libnosys.a
END GROUP
START GROUP
LOAD c:/st/stm32cubeide_1.10.1/stm32cubeide/plugins/com.st.stm32cube.ide.mcu.externaltools.gnu-tools-for-stm32.10.3-2021.10.win32_1.0.0.202111181127/tools/bin/../lib/gcc/arm-none-eabi/10.3.1/thumb/v7e-m+fp/hard\libgcc.a
LOAD c:/st/stm32cubeide_1.10.1/stm32cubeide/plugins/com.st.stm32cube.ide.mcu.externaltools.gnu-tools-for-stm32.10.3-2021.10.win32_1.0.0.202111181127/tools/bin/../lib/gcc/arm-none-eabi/10.3.1/../../../../arm-none-eabi/lib/thumb/v7e-m+fp/hard\libc_nano.a
LOAD c:/st/stm32cubeide_1.10.1/stm32cubeide/plugins/com.st.stm32cube.ide.mcu.externaltools.gnu-tools-for-stm32.10.3-2021.10.win32_1.0.0.202111181127/tools/bin/../lib/gcc/arm-none-eabi/10.3.1/../../../../arm-none-eabi/lib/thumb/v7e-m+fp/hard\libnosys.a
END GROUP
LOAD c:/st/stm32cubeide_1.10.1/stm32cubeide/plugins/com.st.stm32cube.ide.mcu.externaltools.gnu-tools-for-stm32.10.3-2021.10.win32_1.0.0.202111181127/tools/bin/../lib/gcc/arm-none-eabi/10.3.1/thumb/v7e-m+fp/hard/crtend.o
LOAD c:/st/stm32cubeide_1.10.1/stm32cubeide/plugins/com.st.stm32cube.ide.mcu.externaltools.gnu-tools-for-stm32.10.3-2021.10.win32_1.0.0.202111181127/tools/bin/../lib/gcc/arm-none-eabi/10.3.1/thumb/v7e-m+fp/hard/crtn.o
                0x0000000020020000                _estack = (ORIGIN (RAM) + LENGTH (RAM))
                0x0000000000000200                _Min_Heap_Size = 0x200
                0x0000000000000400                _Min_Stack_Size = 0x400

.isr_vector     0x0000000008000000      0x198
                0x0000000008000000                . = ALIGN (0x4)
 *(.isr_vector)
 .isr_vector    0x0000000008000000      0x198 ./Core/Startup/startup_stm32f411retx.o
                0x0000000008000000                g_pfnVectors
                0x0000000008000198                . = ALIGN (0x4)

.text           0x0000000008000198     0x32ec
                0x0000000008000198                . = ALIGN (0x4)
 *(.text)
 .text          0x0000000008000198       0x40 c:/st/stm32cubeide_1.10.1/stm32cubeide/plugins/com.st.stm32cube.ide.mcu.externaltools.gnu-tools-for-stm32.10.3-2021.10.win32_1.0.0.202111181127/tools/bin/../lib/gcc/arm-none-eabi/10.3.1/thumb/v7e-m+fp/hard/crtbegin.o
 .text          0x00000000080001d8      0x378 c:/st/stm32cubeide_1.10.1/stm32cubeide/plugins/com.st.stm32cube.ide.mcu.externaltools.gnu-tools-for-stm32.10.3-2021.10.win32_1.0.0.202111181127/tools/bin/../lib/gcc/arm-none-eabi/10.3.1/thumb/v7e-m+fp/hard\libgcc.a(_arm_addsubdf3.o)
                0x00000000080001d8                __aeabi_drsub
                0x00000000080001e0                __aeabi_dsub
                0x00000000080001e0                __subdf3
                0x00000000080001e4                __aeabi_dadd
                0x00000000080001e4                __adddf3
                0x000000000800045c                __floatunsidf
                0x000000000800045c                __aeabi_ui2d
                0x000000000800047c                __floatsidf
                0x000000000800047c                __aeabi_i2d
                0x00000000080004a0                __aeabi_f2d
                0x00000000080004a0                __extendsfdf2
                0x00000000080004e4                __floatundidf
                0x00000000080004e4                __aeabi_ul2d
                0x00000000080004f4                __floatdidf
                0x00000000080004f4                __aeabi_l2d
 .text          0x0000000008000550      0x424 c:/st/stm32cubeide_1.10.1/stm32cubeide/plugins/com.st.stm32cube.ide.mcu.externaltools.gnu-tools-for-stm32.10.3-2021.10.win32_1.0.0.202111181127/tools/bin/../lib/gcc/arm-none-eabi/10.3.1/thumb/v7e-m+fp/hard\libgcc.a(_arm_muldivdf3.o)
                0x0000000008000550                __aeabi_dmul
                0x0000000008000550                __muldf3
                0x00000000080007a4                __divdf3
                0x00000000080007a4                __aeabi_ddiv
 .text          0x0000000008000974       0xa0 c:/st/stm32cubeide_1.10.1/stm32cubeide/plugins/com.st.stm32cube.ide.mcu.externaltools.gnu-tools-for-stm32.10.3-2021.10.win32_1.0.0.202111181127/tools/bin/../lib/gcc/arm-none-eabi/10.3.1/thumb/v7e-m+fp/hard\libgcc.a(_arm_truncdfsf2.o)
                0x0000000008000974                __truncdfsf2
                0x0000000008000974                __aeabi_d2f
 .text          0x0000000008000a14       0xa0 c:/st/stm32cubeide_1.10.1/stm32cubeide/plugins/com.st.stm32cube.ide.mcu.externaltools.gnu-tools-for-stm32.10.3-2021.10.win32_1.0.0.202111181127/tools/bin/../lib/gcc/arm-none-eabi/10.3.1/thumb/v7e-m+fp/hard\libgcc.a(_aeabi_ldivmod.o)
                0x0000000008000a14                __aeabi_ldivmod
 .text          0x0000000008000ab4       0x30 c:/st/stm32cubeide_1.10.1/stm32cubeide/plugins/com.st.stm32cube.ide.mcu.externaltools.gnu-tools-for-stm32.10.3-2021.10.win32_1.0.0.202111181127/tools/bin/../lib/gcc/arm-none-eabi/10.3.1/thumb/v7e-m+fp/hard\libgcc.a(_aeabi_uldivmod.o)
                0x0000000008000ab4                __aeabi_uldivmod
 .text          0x0000000008000ae4      0x2d0 c:/st/stm32cubeide_1.10.1/stm32cubeide/plugins/com.st.stm32cube.ide.mcu.externaltools.gnu-tools-for-stm32.10.3-2021.10.win32_1.0.0.202111181127/tools/bin/../lib/gcc/arm-none-eabi/10.3.1/thumb/v7e-m+fp/hard\libgcc.a(_udivmoddi4.o)
                0x0000000008000ae4                __udivmoddi4
 .text          0x0000000008000db4        0x4 c:/st/stm32cubeide_1.10.1/stm32cubeide/plugins/com.st.stm32cube.ide.mcu.externaltools.gnu-tools-for-stm32.10.3-2021.10.win32_1.0.0.202111181127/tools/bin/../lib/gcc/arm-none-eabi/10.3.1/thumb/v7e-m+fp/hard\libgcc.a(_dvmd_tls.o)
                0x0000000008000db4                __aeabi_idiv0
                0x0000000008000db4                __aeabi_ldiv0
 *(.text*)
 .text.TrimRead
                0x0000000008000db8      0x1c4 ./Core/Src/BME280_STM32.o
                0x0000000008000db8                TrimRead
 .text.BME280_Config
                0x0000000008000f7c      0x1ac ./Core/Src/BME280_STM32.o
                0x0000000008000f7c                BME280_Config
 .text.BMEReadRaw
                0x0000000008001128       0xa0 ./Core/Src/BME280_STM32.o
                0x0000000008001128                BMEReadRaw
 .text.BME280_compensate_T_int32
                0x00000000080011c8       0x84 ./Core/Src/BME280_STM32.o
                0x00000000080011c8                BME280_compensate_T_int32
 .text.BME280_compensate_P_int64
                0x000000000800124c      0x58c ./Core/Src/BME280_STM32.o
                0x000000000800124c                BME280_compensate_P_int64
 .text.bme280_compensate_H_int32
                0x00000000080017d8       0xd8 ./Core/Src/BME280_STM32.o
                0x00000000080017d8                bme280_compensate_H_int32
 .text.BME280_Measure
                0x00000000080018b0      0x118 ./Core/Src/BME280_STM32.o
                0x00000000080018b0                BME280_Measure
 .text.main     0x00000000080019c8       0x30 ./Core/Src/main.o
                0x00000000080019c8                main
 .text.SystemClock_Config
                0x00000000080019f8       0xbc ./Core/Src/main.o
                0x00000000080019f8                SystemClock_Config
 .text.Error_Handler
                0x0000000008001ab4        0xa ./Core/Src/main.o
                0x0000000008001ab4                Error_Handler
 *fill*         0x0000000008001abe        0x2 
 .text.HAL_MspInit
                0x0000000008001ac0       0x50 ./Core/Src/stm32f4xx_hal_msp.o
                0x0000000008001ac0                HAL_MspInit
 .text.NMI_Handler
                0x0000000008001b10        0x6 ./Core/Src/stm32f4xx_it.o
                0x0000000008001b10                NMI_Handler
 .text.HardFault_Handler
                0x0000000008001b16        0x6 ./Core/Src/stm32f4xx_it.o
                0x0000000008001b16                HardFault_Handler
 .text.MemManage_Handler
                0x0000000008001b1c        0x6 ./Core/Src/stm32f4xx_it.o
                0x0000000008001b1c                MemManage_Handler
 .text.BusFault_Handler
                0x0000000008001b22        0x6 ./Core/Src/stm32f4xx_it.o
                0x0000000008001b22                BusFault_Handler
 .text.UsageFault_Handler
                0x0000000008001b28        0x6 ./Core/Src/stm32f4xx_it.o
                0x0000000008001b28                UsageFault_Handler
 .text.SVC_Handler
                0x0000000008001b2e        0xe ./Core/Src/stm32f4xx_it.o
                0x0000000008001b2e                SVC_Handler
 .text.DebugMon_Handler
                0x0000000008001b3c        0xe ./Core/Src/stm32f4xx_it.o
                0x0000000008001b3c                DebugMon_Handler
 .text.PendSV_Handler
                0x0000000008001b4a        0xe ./Core/Src/stm32f4xx_it.o
                0x0000000008001b4a                PendSV_Handler
 .text.SysTick_Handler
                0x0000000008001b58        0xc ./Core/Src/stm32f4xx_it.o
                0x0000000008001b58                SysTick_Handler
 .text.SystemInit
                0x0000000008001b64       0x24 ./Core/Src/system_stm32f4xx.o
                0x0000000008001b64                SystemInit
 .text.Reset_Handler
                0x0000000008001b88       0x50 ./Core/Startup/startup_stm32f411retx.o
                0x0000000008001b88                Reset_Handler
 .text.Default_Handler
                0x0000000008001bd8        0x2 ./Core/Startup/startup_stm32f411retx.o
                0x0000000008001bd8                RTC_Alarm_IRQHandler
                0x0000000008001bd8                EXTI2_IRQHandler
                0x0000000008001bd8                SPI4_IRQHandler
                0x0000000008001bd8                TIM1_CC_IRQHandler
                0x0000000008001bd8                DMA2_Stream5_IRQHandler
                0x0000000008001bd8                DMA1_Stream5_IRQHandler
                0x0000000008001bd8                PVD_IRQHandler
                0x0000000008001bd8                SDIO_IRQHandler
                0x0000000008001bd8                TAMP_STAMP_IRQHandler
                0x0000000008001bd8                EXTI3_IRQHandler
                0x0000000008001bd8                TIM1_UP_TIM10_IRQHandler
                0x0000000008001bd8                I2C3_ER_IRQHandler
                0x0000000008001bd8                EXTI0_IRQHandler
                0x0000000008001bd8                I2C2_EV_IRQHandler
                0x0000000008001bd8                DMA1_Stream2_IRQHandler
                0x0000000008001bd8                FPU_IRQHandler
                0x0000000008001bd8                DMA2_Stream2_IRQHandler
                0x0000000008001bd8                SPI1_IRQHandler
                0x0000000008001bd8                TIM1_BRK_TIM9_IRQHandler
                0x0000000008001bd8                DMA2_Stream3_IRQHandler
                0x0000000008001bd8                USART6_IRQHandler
                0x0000000008001bd8                DMA2_Stream0_IRQHandler
                0x0000000008001bd8                TIM4_IRQHandler
                0x0000000008001bd8                I2C1_EV_IRQHandler
                0x0000000008001bd8                DMA1_Stream6_IRQHandler
                0x0000000008001bd8                DMA1_Stream1_IRQHandler
                0x0000000008001bd8                TIM3_IRQHandler
                0x0000000008001bd8                RCC_IRQHandler
                0x0000000008001bd8                Default_Handler
                0x0000000008001bd8                EXTI15_10_IRQHandler
                0x0000000008001bd8                ADC_IRQHandler
                0x0000000008001bd8                DMA1_Stream7_IRQHandler
                0x0000000008001bd8                SPI5_IRQHandler
                0x0000000008001bd8                TIM5_IRQHandler
                0x0000000008001bd8                DMA2_Stream7_IRQHandler
                0x0000000008001bd8                I2C3_EV_IRQHandler
                0x0000000008001bd8                EXTI9_5_IRQHandler
                0x0000000008001bd8                RTC_WKUP_IRQHandler
                0x0000000008001bd8                SPI2_IRQHandler
                0x0000000008001bd8                DMA1_Stream0_IRQHandler
                0x0000000008001bd8                EXTI4_IRQHandler
                0x0000000008001bd8                WWDG_IRQHandler
                0x0000000008001bd8                TIM2_IRQHandler
                0x0000000008001bd8                OTG_FS_WKUP_IRQHandler
                0x0000000008001bd8                TIM1_TRG_COM_TIM11_IRQHandler
                0x0000000008001bd8                EXTI1_IRQHandler
                0x0000000008001bd8                USART2_IRQHandler
                0x0000000008001bd8                I2C2_ER_IRQHandler
                0x0000000008001bd8                DMA2_Stream1_IRQHandler
                0x0000000008001bd8                FLASH_IRQHandler
                0x0000000008001bd8                DMA2_Stream4_IRQHandler
                0x0000000008001bd8                USART1_IRQHandler
                0x0000000008001bd8                OTG_FS_IRQHandler
                0x0000000008001bd8                SPI3_IRQHandler
                0x0000000008001bd8                DMA1_Stream4_IRQHandler
                0x0000000008001bd8                I2C1_ER_IRQHandler
                0x0000000008001bd8                DMA2_Stream6_IRQHandler
                0x0000000008001bd8                DMA1_Stream3_IRQHandler
 *fill*         0x0000000008001bda        0x2 
 .text.HAL_Init
                0x0000000008001bdc       0x44 ./Drivers/STM32F4xx_HAL_Driver/Src/stm32f4xx_hal.o
                0x0000000008001bdc                HAL_Init
 .text.HAL_InitTick
                0x0000000008001c20       0x60 ./Drivers/STM32F4xx_HAL_Driver/Src/stm32f4xx_hal.o
                0x0000000008001c20                HAL_InitTick
 .text.HAL_IncTick
                0x0000000008001c80       0x28 ./Drivers/STM32F4xx_HAL_Driver/Src/stm32f4xx_hal.o
                0x0000000008001c80                HAL_IncTick
 .text.HAL_GetTick
                0x0000000008001ca8       0x18 ./Drivers/STM32F4xx_HAL_Driver/Src/stm32f4xx_hal.o
                0x0000000008001ca8                HAL_GetTick
 .text.HAL_Delay
                0x0000000008001cc0       0x48 ./Drivers/STM32F4xx_HAL_Driver/Src/stm32f4xx_hal.o
                0x0000000008001cc0                HAL_Delay
 .text.__NVIC_SetPriorityGrouping
                0x0000000008001d08       0x48 ./Drivers/STM32F4xx_HAL_Driver/Src/stm32f4xx_hal_cortex.o
 .text.__NVIC_GetPriorityGrouping
                0x0000000008001d50       0x1c ./Drivers/STM32F4xx_HAL_Driver/Src/stm32f4xx_hal_cortex.o
 .text.__NVIC_SetPriority
                0x0000000008001d6c       0x54 ./Drivers/STM32F4xx_HAL_Driver/Src/stm32f4xx_hal_cortex.o
 .text.NVIC_EncodePriority
                0x0000000008001dc0       0x66 ./Drivers/STM32F4xx_HAL_Driver/Src/stm32f4xx_hal_cortex.o
 *fill*         0x0000000008001e26        0x2 
 .text.SysTick_Config
                0x0000000008001e28       0x44 ./Drivers/STM32F4xx_HAL_Driver/Src/stm32f4xx_hal_cortex.o
 .text.HAL_NVIC_SetPriorityGrouping
                0x0000000008001e6c       0x16 ./Drivers/STM32F4xx_HAL_Driver/Src/stm32f4xx_hal_cortex.o
                0x0000000008001e6c                HAL_NVIC_SetPriorityGrouping
 .text.HAL_NVIC_SetPriority
                0x0000000008001e82       0x38 ./Drivers/STM32F4xx_HAL_Driver/Src/stm32f4xx_hal_cortex.o
                0x0000000008001e82                HAL_NVIC_SetPriority
 .text.HAL_SYSTICK_Config
                0x0000000008001eba       0x18 ./Drivers/STM32F4xx_HAL_Driver/Src/stm32f4xx_hal_cortex.o
                0x0000000008001eba                HAL_SYSTICK_Config
 *fill*         0x0000000008001ed2        0x2 
 .text.HAL_I2C_Mem_Write
                0x0000000008001ed4      0x1f4 ./Drivers/STM32F4xx_HAL_Driver/Src/stm32f4xx_hal_i2c.o
                0x0000000008001ed4                HAL_I2C_Mem_Write
 .text.HAL_I2C_Mem_Read
                0x00000000080020c8      0x44c ./Drivers/STM32F4xx_HAL_Driver/Src/stm32f4xx_hal_i2c.o
                0x00000000080020c8                HAL_I2C_Mem_Read
 .text.I2C_RequestMemoryWrite
                0x0000000008002514      0x12c ./Drivers/STM32F4xx_HAL_Driver/Src/stm32f4xx_hal_i2c.o
 .text.I2C_RequestMemoryRead
                0x0000000008002640      0x1d0 ./Drivers/STM32F4xx_HAL_Driver/Src/stm32f4xx_hal_i2c.o
 .text.I2C_WaitOnFlagUntilTimeout
                0x0000000008002810       0xae ./Drivers/STM32F4xx_HAL_Driver/Src/stm32f4xx_hal_i2c.o
 .text.I2C_WaitOnMasterAddressFlagUntilTimeout
                0x00000000080028be       0xfe ./Drivers/STM32F4xx_HAL_Driver/Src/stm32f4xx_hal_i2c.o
 .text.I2C_WaitOnTXEFlagUntilTimeout
                0x00000000080029bc       0x82 ./Drivers/STM32F4xx_HAL_Driver/Src/stm32f4xx_hal_i2c.o
 .text.I2C_WaitOnBTFFlagUntilTimeout
                0x0000000008002a3e       0x82 ./Drivers/STM32F4xx_HAL_Driver/Src/stm32f4xx_hal_i2c.o
 .text.I2C_WaitOnRXNEFlagUntilTimeout
                0x0000000008002ac0       0xac ./Drivers/STM32F4xx_HAL_Driver/Src/stm32f4xx_hal_i2c.o
 .text.I2C_IsAcknowledgeFailed
                0x0000000008002b6c       0x5e ./Drivers/STM32F4xx_HAL_Driver/Src/stm32f4xx_hal_i2c.o
 *fill*         0x0000000008002bca        0x2 
 .text.HAL_RCC_OscConfig
                0x0000000008002bcc      0x4f0 ./Drivers/STM32F4xx_HAL_Driver/Src/stm32f4xx_hal_rcc.o
                0x0000000008002bcc                HAL_RCC_OscConfig
 .text.HAL_RCC_ClockConfig
                0x00000000080030bc      0x1cc ./Drivers/STM32F4xx_HAL_Driver/Src/stm32f4xx_hal_rcc.o
                0x00000000080030bc                HAL_RCC_ClockConfig
 .text.HAL_RCC_GetSysClockFreq
                0x0000000008003288      0x18c ./Drivers/STM32F4xx_HAL_Driver/Src/stm32f4xx_hal_rcc.o
                0x0000000008003288                HAL_RCC_GetSysClockFreq
 .text.__libc_init_array
                0x0000000008003414       0x48 c:/st/stm32cubeide_1.10.1/stm32cubeide/plugins/com.st.stm32cube.ide.mcu.externaltools.gnu-tools-for-stm32.10.3-2021.10.win32_1.0.0.202111181127/tools/bin/../lib/gcc/arm-none-eabi/10.3.1/../../../../arm-none-eabi/lib/thumb/v7e-m+fp/hard\libc_nano.a(lib_a-init.o)
                0x0000000008003414                __libc_init_array
 .text.memset   0x000000000800345c       0x10 c:/st/stm32cubeide_1.10.1/stm32cubeide/plugins/com.st.stm32cube.ide.mcu.externaltools.gnu-tools-for-stm32.10.3-2021.10.win32_1.0.0.202111181127/tools/bin/../lib/gcc/arm-none-eabi/10.3.1/../../../../arm-none-eabi/lib/thumb/v7e-m+fp/hard\libc_nano.a(lib_a-memset.o)
                0x000000000800345c                memset
 *(.glue_7)
 .glue_7        0x000000000800346c        0x0 linker stubs
 *(.glue_7t)
 .glue_7t       0x000000000800346c        0x0 linker stubs
 *(.eh_frame)
 .eh_frame      0x000000000800346c        0x0 c:/st/stm32cubeide_1.10.1/stm32cubeide/plugins/com.st.stm32cube.ide.mcu.externaltools.gnu-tools-for-stm32.10.3-2021.10.win32_1.0.0.202111181127/tools/bin/../lib/gcc/arm-none-eabi/10.3.1/thumb/v7e-m+fp/hard/crtbegin.o
 *(.init)
 .init          0x000000000800346c        0x4 c:/st/stm32cubeide_1.10.1/stm32cubeide/plugins/com.st.stm32cube.ide.mcu.externaltools.gnu-tools-for-stm32.10.3-2021.10.win32_1.0.0.202111181127/tools/bin/../lib/gcc/arm-none-eabi/10.3.1/thumb/v7e-m+fp/hard/crti.o
                0x000000000800346c                _init
 .init          0x0000000008003470        0x8 c:/st/stm32cubeide_1.10.1/stm32cubeide/plugins/com.st.stm32cube.ide.mcu.externaltools.gnu-tools-for-stm32.10.3-2021.10.win32_1.0.0.202111181127/tools/bin/../lib/gcc/arm-none-eabi/10.3.1/thumb/v7e-m+fp/hard/crtn.o
 *(.fini)
 .fini          0x0000000008003478        0x4 c:/st/stm32cubeide_1.10.1/stm32cubeide/plugins/com.st.stm32cube.ide.mcu.externaltools.gnu-tools-for-stm32.10.3-2021.10.win32_1.0.0.202111181127/tools/bin/../lib/gcc/arm-none-eabi/10.3.1/thumb/v7e-m+fp/hard/crti.o
                0x0000000008003478                _fini
 .fini          0x000000000800347c        0x8 c:/st/stm32cubeide_1.10.1/stm32cubeide/plugins/com.st.stm32cube.ide.mcu.externaltools.gnu-tools-for-stm32.10.3-2021.10.win32_1.0.0.202111181127/tools/bin/../lib/gcc/arm-none-eabi/10.3.1/thumb/v7e-m+fp/hard/crtn.o
                0x0000000008003484                . = ALIGN (0x4)
                0x0000000008003484                _etext = .

.vfp11_veneer   0x0000000008003484        0x0
 .vfp11_veneer  0x0000000008003484        0x0 linker stubs

.v4_bx          0x0000000008003484        0x0
 .v4_bx         0x0000000008003484        0x0 linker stubs

.iplt           0x0000000008003484        0x0
 .iplt          0x0000000008003484        0x0 c:/st/stm32cubeide_1.10.1/stm32cubeide/plugins/com.st.stm32cube.ide.mcu.externaltools.gnu-tools-for-stm32.10.3-2021.10.win32_1.0.0.202111181127/tools/bin/../lib/gcc/arm-none-eabi/10.3.1/thumb/v7e-m+fp/hard/crtbegin.o

.rodata         0x0000000008003484       0x10
                0x0000000008003484                . = ALIGN (0x4)
 *(.rodata)
 *(.rodata*)
 .rodata.AHBPrescTable
                0x0000000008003484       0x10 ./Core/Src/system_stm32f4xx.o
                0x0000000008003484                AHBPrescTable
                0x0000000008003494                . = ALIGN (0x4)

.ARM.extab      0x0000000008003494        0x0
                0x0000000008003494                . = ALIGN (0x4)
 *(.ARM.extab* .gnu.linkonce.armextab.*)
                0x0000000008003494                . = ALIGN (0x4)

.ARM            0x0000000008003494        0x8
                0x0000000008003494                . = ALIGN (0x4)
                0x0000000008003494                __exidx_start = .
 *(.ARM.exidx*)
 .ARM.exidx     0x0000000008003494        0x8 c:/st/stm32cubeide_1.10.1/stm32cubeide/plugins/com.st.stm32cube.ide.mcu.externaltools.gnu-tools-for-stm32.10.3-2021.10.win32_1.0.0.202111181127/tools/bin/../lib/gcc/arm-none-eabi/10.3.1/thumb/v7e-m+fp/hard\libgcc.a(_udivmoddi4.o)
                0x000000000800349c                __exidx_end = .
                0x000000000800349c                . = ALIGN (0x4)

.rel.dyn        0x000000000800349c        0x0
 .rel.iplt      0x000000000800349c        0x0 c:/st/stm32cubeide_1.10.1/stm32cubeide/plugins/com.st.stm32cube.ide.mcu.externaltools.gnu-tools-for-stm32.10.3-2021.10.win32_1.0.0.202111181127/tools/bin/../lib/gcc/arm-none-eabi/10.3.1/thumb/v7e-m+fp/hard/crtbegin.o

.preinit_array  0x000000000800349c        0x0
                0x000000000800349c                . = ALIGN (0x4)
                0x000000000800349c                PROVIDE (__preinit_array_start = .)
 *(.preinit_array*)
                0x000000000800349c                PROVIDE (__preinit_array_end = .)
                0x000000000800349c                . = ALIGN (0x4)

.init_array     0x000000000800349c        0x4
                0x000000000800349c                . = ALIGN (0x4)
                0x000000000800349c                PROVIDE (__init_array_start = .)
 *(SORT_BY_NAME(.init_array.*))
 *(.init_array*)
 .init_array    0x000000000800349c        0x4 c:/st/stm32cubeide_1.10.1/stm32cubeide/plugins/com.st.stm32cube.ide.mcu.externaltools.gnu-tools-for-stm32.10.3-2021.10.win32_1.0.0.202111181127/tools/bin/../lib/gcc/arm-none-eabi/10.3.1/thumb/v7e-m+fp/hard/crtbegin.o
                0x00000000080034a0                PROVIDE (__init_array_end = .)
                0x00000000080034a0                . = ALIGN (0x4)

.fini_array     0x00000000080034a0        0x4
                0x00000000080034a0                . = ALIGN (0x4)
                [!provide]                        PROVIDE (__fini_array_start = .)
 *(SORT_BY_NAME(.fini_array.*))
 *(.fini_array*)
 .fini_array    0x00000000080034a0        0x4 c:/st/stm32cubeide_1.10.1/stm32cubeide/plugins/com.st.stm32cube.ide.mcu.externaltools.gnu-tools-for-stm32.10.3-2021.10.win32_1.0.0.202111181127/tools/bin/../lib/gcc/arm-none-eabi/10.3.1/thumb/v7e-m+fp/hard/crtbegin.o
                [!provide]                        PROVIDE (__fini_array_end = .)
                0x00000000080034a4                . = ALIGN (0x4)
                0x00000000080034a4                _sidata = LOADADDR (.data)

.data           0x0000000020000000        0xc load address 0x00000000080034a4
                0x0000000020000000                . = ALIGN (0x4)
                0x0000000020000000                _sdata = .
 *(.data)
 *(.data*)
 .data.SystemCoreClock
                0x0000000020000000        0x4 ./Core/Src/system_stm32f4xx.o
                0x0000000020000000                SystemCoreClock
 .data.uwTickPrio
                0x0000000020000004        0x4 ./Drivers/STM32F4xx_HAL_Driver/Src/stm32f4xx_hal.o
                0x0000000020000004                uwTickPrio
 .data.uwTickFreq
                0x0000000020000008        0x1 ./Drivers/STM32F4xx_HAL_Driver/Src/stm32f4xx_hal.o
                0x0000000020000008                uwTickFreq
 *(.RamFunc)
 *(.RamFunc*)
                0x000000002000000c                . = ALIGN (0x4)
 *fill*         0x0000000020000009        0x3 
                0x000000002000000c                _edata = .

.igot.plt       0x000000002000000c        0x0 load address 0x00000000080034b0
 .igot.plt      0x000000002000000c        0x0 c:/st/stm32cubeide_1.10.1/stm32cubeide/plugins/com.st.stm32cube.ide.mcu.externaltools.gnu-tools-for-stm32.10.3-2021.10.win32_1.0.0.202111181127/tools/bin/../lib/gcc/arm-none-eabi/10.3.1/thumb/v7e-m+fp/hard/crtbegin.o
                0x000000002000000c                . = ALIGN (0x4)

.bss            0x000000002000000c       0xb8 load address 0x00000000080034b0
                0x000000002000000c                _sbss = .
                0x000000002000000c                __bss_start__ = _sbss
 *(.bss)
 .bss           0x000000002000000c       0x1c c:/st/stm32cubeide_1.10.1/stm32cubeide/plugins/com.st.stm32cube.ide.mcu.externaltools.gnu-tools-for-stm32.10.3-2021.10.win32_1.0.0.202111181127/tools/bin/../lib/gcc/arm-none-eabi/10.3.1/thumb/v7e-m+fp/hard/crtbegin.o
 *(.bss*)
 .bss.chipID    0x0000000020000028        0x1 ./Core/Src/BME280_STM32.o
                0x0000000020000028                chipID
 *fill*         0x0000000020000029        0x3 
 .bss.tRaw      0x000000002000002c        0x4 ./Core/Src/BME280_STM32.o
                0x000000002000002c                tRaw
 .bss.pRaw      0x0000000020000030        0x4 ./Core/Src/BME280_STM32.o
                0x0000000020000030                pRaw
 .bss.hRaw      0x0000000020000034        0x4 ./Core/Src/BME280_STM32.o
                0x0000000020000034                hRaw
 .bss.dig_T1    0x0000000020000038        0x2 ./Core/Src/BME280_STM32.o
                0x0000000020000038                dig_T1
 .bss.dig_P1    0x000000002000003a        0x2 ./Core/Src/BME280_STM32.o
                0x000000002000003a                dig_P1
 .bss.dig_H1    0x000000002000003c        0x2 ./Core/Src/BME280_STM32.o
                0x000000002000003c                dig_H1
 .bss.dig_H3    0x000000002000003e        0x2 ./Core/Src/BME280_STM32.o
                0x000000002000003e                dig_H3
 .bss.dig_T2    0x0000000020000040        0x2 ./Core/Src/BME280_STM32.o
                0x0000000020000040                dig_T2
 .bss.dig_T3    0x0000000020000042        0x2 ./Core/Src/BME280_STM32.o
                0x0000000020000042                dig_T3
 .bss.dig_P2    0x0000000020000044        0x2 ./Core/Src/BME280_STM32.o
                0x0000000020000044                dig_P2
 .bss.dig_P3    0x0000000020000046        0x2 ./Core/Src/BME280_STM32.o
                0x0000000020000046                dig_P3
 .bss.dig_P4    0x0000000020000048        0x2 ./Core/Src/BME280_STM32.o
                0x0000000020000048                dig_P4
 .bss.dig_P5    0x000000002000004a        0x2 ./Core/Src/BME280_STM32.o
                0x000000002000004a                dig_P5
 .bss.dig_P6    0x000000002000004c        0x2 ./Core/Src/BME280_STM32.o
                0x000000002000004c                dig_P6
 .bss.dig_P7    0x000000002000004e        0x2 ./Core/Src/BME280_STM32.o
                0x000000002000004e                dig_P7
 .bss.dig_P8    0x0000000020000050        0x2 ./Core/Src/BME280_STM32.o
                0x0000000020000050                dig_P8
 .bss.dig_P9    0x0000000020000052        0x2 ./Core/Src/BME280_STM32.o
                0x0000000020000052                dig_P9
 .bss.dig_H2    0x0000000020000054        0x2 ./Core/Src/BME280_STM32.o
                0x0000000020000054                dig_H2
 .bss.dig_H4    0x0000000020000056        0x2 ./Core/Src/BME280_STM32.o
                0x0000000020000056                dig_H4
 .bss.dig_H5    0x0000000020000058        0x2 ./Core/Src/BME280_STM32.o
                0x0000000020000058                dig_H5
 .bss.dig_H6    0x000000002000005a        0x2 ./Core/Src/BME280_STM32.o
                0x000000002000005a                dig_H6
 .bss.t_fine    0x000000002000005c        0x4 ./Core/Src/BME280_STM32.o
                0x000000002000005c                t_fine
 .bss.hi2c1     0x0000000020000060       0x54 ./Core/Src/main.o
                0x0000000020000060                hi2c1
 .bss.Temperature
                0x00000000200000b4        0x4 ./Core/Src/main.o
                0x00000000200000b4                Temperature
 .bss.Pressure  0x00000000200000b8        0x4 ./Core/Src/main.o
                0x00000000200000b8                Pressure
 .bss.Humidity  0x00000000200000bc        0x4 ./Core/Src/main.o
                0x00000000200000bc                Humidity
 .bss.uwTick    0x00000000200000c0        0x4 ./Drivers/STM32F4xx_HAL_Driver/Src/stm32f4xx_hal.o
                0x00000000200000c0                uwTick
 *(COMMON)
                0x00000000200000c4                . = ALIGN (0x4)
                0x00000000200000c4                _ebss = .
                0x00000000200000c4                __bss_end__ = _ebss

._user_heap_stack
                0x00000000200000c4      0x604 load address 0x00000000080034b0
                0x00000000200000c8                . = ALIGN (0x8)
 *fill*         0x00000000200000c4        0x4 
                [!provide]                        PROVIDE (end = .)
                0x00000000200000c8                PROVIDE (_end = .)
                0x00000000200002c8                . = (. + _Min_Heap_Size)
 *fill*         0x00000000200000c8      0x200 
                0x00000000200006c8                . = (. + _Min_Stack_Size)
 *fill*         0x00000000200002c8      0x400 
                0x00000000200006c8                . = ALIGN (0x8)

/DISCARD/
 libc.a(*)
 libm.a(*)
 libgcc.a(*)

.ARM.attributes
                0x0000000000000000       0x30
 *(.ARM.attributes)
 .ARM.attributes
                0x0000000000000000       0x1e c:/st/stm32cubeide_1.10.1/stm32cubeide/plugins/com.st.stm32cube.ide.mcu.externaltools.gnu-tools-for-stm32.10.3-2021.10.win32_1.0.0.202111181127/tools/bin/../lib/gcc/arm-none-eabi/10.3.1/thumb/v7e-m+fp/hard/crti.o
 .ARM.attributes
                0x000000000000001e       0x34 c:/st/stm32cubeide_1.10.1/stm32cubeide/plugins/com.st.stm32cube.ide.mcu.externaltools.gnu-tools-for-stm32.10.3-2021.10.win32_1.0.0.202111181127/tools/bin/../lib/gcc/arm-none-eabi/10.3.1/thumb/v7e-m+fp/hard/crtbegin.o
 .ARM.attributes
                0x0000000000000052       0x34 ./Core/Src/BME280_STM32.o
 .ARM.attributes
                0x0000000000000086       0x34 ./Core/Src/main.o
 .ARM.attributes
                0x00000000000000ba       0x34 ./Core/Src/stm32f4xx_hal_msp.o
 .ARM.attributes
                0x00000000000000ee       0x34 ./Core/Src/stm32f4xx_it.o
 .ARM.attributes
                0x0000000000000122       0x34 ./Core/Src/system_stm32f4xx.o
 .ARM.attributes
                0x0000000000000156       0x21 ./Core/Startup/startup_stm32f411retx.o
 .ARM.attributes
                0x0000000000000177       0x34 ./Drivers/STM32F4xx_HAL_Driver/Src/stm32f4xx_hal.o
 .ARM.attributes
                0x00000000000001ab       0x34 ./Drivers/STM32F4xx_HAL_Driver/Src/stm32f4xx_hal_cortex.o
 .ARM.attributes
                0x00000000000001df       0x34 ./Drivers/STM32F4xx_HAL_Driver/Src/stm32f4xx_hal_i2c.o
 .ARM.attributes
                0x0000000000000213       0x34 ./Drivers/STM32F4xx_HAL_Driver/Src/stm32f4xx_hal_rcc.o
 .ARM.attributes
                0x0000000000000247       0x34 c:/st/stm32cubeide_1.10.1/stm32cubeide/plugins/com.st.stm32cube.ide.mcu.externaltools.gnu-tools-for-stm32.10.3-2021.10.win32_1.0.0.202111181127/tools/bin/../lib/gcc/arm-none-eabi/10.3.1/../../../../arm-none-eabi/lib/thumb/v7e-m+fp/hard\libc_nano.a(lib_a-init.o)
 .ARM.attributes
                0x000000000000027b       0x34 c:/st/stm32cubeide_1.10.1/stm32cubeide/plugins/com.st.stm32cube.ide.mcu.externaltools.gnu-tools-for-stm32.10.3-2021.10.win32_1.0.0.202111181127/tools/bin/../lib/gcc/arm-none-eabi/10.3.1/../../../../arm-none-eabi/lib/thumb/v7e-m+fp/hard\libc_nano.a(lib_a-memset.o)
 .ARM.attributes
                0x00000000000002af       0x1e c:/st/stm32cubeide_1.10.1/stm32cubeide/plugins/com.st.stm32cube.ide.mcu.externaltools.gnu-tools-for-stm32.10.3-2021.10.win32_1.0.0.202111181127/tools/bin/../lib/gcc/arm-none-eabi/10.3.1/thumb/v7e-m+fp/hard\libgcc.a(_arm_addsubdf3.o)
 .ARM.attributes
                0x00000000000002cd       0x1e c:/st/stm32cubeide_1.10.1/stm32cubeide/plugins/com.st.stm32cube.ide.mcu.externaltools.gnu-tools-for-stm32.10.3-2021.10.win32_1.0.0.202111181127/tools/bin/../lib/gcc/arm-none-eabi/10.3.1/thumb/v7e-m+fp/hard\libgcc.a(_arm_muldivdf3.o)
 .ARM.attributes
                0x00000000000002eb       0x1e c:/st/stm32cubeide_1.10.1/stm32cubeide/plugins/com.st.stm32cube.ide.mcu.externaltools.gnu-tools-for-stm32.10.3-2021.10.win32_1.0.0.202111181127/tools/bin/../lib/gcc/arm-none-eabi/10.3.1/thumb/v7e-m+fp/hard\libgcc.a(_arm_truncdfsf2.o)
 .ARM.attributes
                0x0000000000000309       0x1e c:/st/stm32cubeide_1.10.1/stm32cubeide/plugins/com.st.stm32cube.ide.mcu.externaltools.gnu-tools-for-stm32.10.3-2021.10.win32_1.0.0.202111181127/tools/bin/../lib/gcc/arm-none-eabi/10.3.1/thumb/v7e-m+fp/hard\libgcc.a(_aeabi_ldivmod.o)
 .ARM.attributes
                0x0000000000000327       0x1e c:/st/stm32cubeide_1.10.1/stm32cubeide/plugins/com.st.stm32cube.ide.mcu.externaltools.gnu-tools-for-stm32.10.3-2021.10.win32_1.0.0.202111181127/tools/bin/../lib/gcc/arm-none-eabi/10.3.1/thumb/v7e-m+fp/hard\libgcc.a(_aeabi_uldivmod.o)
 .ARM.attributes
                0x0000000000000345       0x34 c:/st/stm32cubeide_1.10.1/stm32cubeide/plugins/com.st.stm32cube.ide.mcu.externaltools.gnu-tools-for-stm32.10.3-2021.10.win32_1.0.0.202111181127/tools/bin/../lib/gcc/arm-none-eabi/10.3.1/thumb/v7e-m+fp/hard\libgcc.a(_udivmoddi4.o)
 .ARM.attributes
                0x0000000000000379       0x1e c:/st/stm32cubeide_1.10.1/stm32cubeide/plugins/com.st.stm32cube.ide.mcu.externaltools.gnu-tools-for-stm32.10.3-2021.10.win32_1.0.0.202111181127/tools/bin/../lib/gcc/arm-none-eabi/10.3.1/thumb/v7e-m+fp/hard\libgcc.a(_dvmd_tls.o)
 .ARM.attributes
                0x0000000000000397       0x1e c:/st/stm32cubeide_1.10.1/stm32cubeide/plugins/com.st.stm32cube.ide.mcu.externaltools.gnu-tools-for-stm32.10.3-2021.10.win32_1.0.0.202111181127/tools/bin/../lib/gcc/arm-none-eabi/10.3.1/thumb/v7e-m+fp/hard/crtn.o
OUTPUT(I2C1_BME280.elf elf32-littlearm)
LOAD linker stubs
LOAD c:/st/stm32cubeide_1.10.1/stm32cubeide/plugins/com.st.stm32cube.ide.mcu.externaltools.gnu-tools-for-stm32.10.3-2021.10.win32_1.0.0.202111181127/tools/bin/../lib/gcc/arm-none-eabi/10.3.1/../../../../arm-none-eabi/lib/thumb/v7e-m+fp/hard\libc.a
LOAD c:/st/stm32cubeide_1.10.1/stm32cubeide/plugins/com.st.stm32cube.ide.mcu.externaltools.gnu-tools-for-stm32.10.3-2021.10.win32_1.0.0.202111181127/tools/bin/../lib/gcc/arm-none-eabi/10.3.1/../../../../arm-none-eabi/lib/thumb/v7e-m+fp/hard\libm.a
LOAD c:/st/stm32cubeide_1.10.1/stm32cubeide/plugins/com.st.stm32cube.ide.mcu.externaltools.gnu-tools-for-stm32.10.3-2021.10.win32_1.0.0.202111181127/tools/bin/../lib/gcc/arm-none-eabi/10.3.1/thumb/v7e-m+fp/hard\libgcc.a

.debug_info     0x0000000000000000     0x6d52
 .debug_info    0x0000000000000000      0xb0a ./Core/Src/BME280_STM32.o
 .debug_info    0x0000000000000b0a      0xb77 ./Core/Src/main.o
 .debug_info    0x0000000000001681      0xa0b ./Core/Src/stm32f4xx_hal_msp.o
 .debug_info    0x000000000000208c      0x121 ./Core/Src/stm32f4xx_it.o
 .debug_info    0x00000000000021ad      0x54f ./Core/Src/system_stm32f4xx.o
 .debug_info    0x00000000000026fc       0x22 ./Core/Startup/startup_stm32f411retx.o
 .debug_info    0x000000000000271e      0x90d ./Drivers/STM32F4xx_HAL_Driver/Src/stm32f4xx_hal.o
 .debug_info    0x000000000000302b      0xd8b ./Drivers/STM32F4xx_HAL_Driver/Src/stm32f4xx_hal_cortex.o
 .debug_info    0x0000000000003db6     0x260f ./Drivers/STM32F4xx_HAL_Driver/Src/stm32f4xx_hal_i2c.o
 .debug_info    0x00000000000063c5      0x98d ./Drivers/STM32F4xx_HAL_Driver/Src/stm32f4xx_hal_rcc.o

.debug_abbrev   0x0000000000000000     0x1285
 .debug_abbrev  0x0000000000000000      0x251 ./Core/Src/BME280_STM32.o
 .debug_abbrev  0x0000000000000251      0x25e ./Core/Src/main.o
 .debug_abbrev  0x00000000000004af      0x194 ./Core/Src/stm32f4xx_hal_msp.o
 .debug_abbrev  0x0000000000000643       0x74 ./Core/Src/stm32f4xx_it.o
 .debug_abbrev  0x00000000000006b7      0x116 ./Core/Src/system_stm32f4xx.o
 .debug_abbrev  0x00000000000007cd       0x12 ./Core/Startup/startup_stm32f411retx.o
 .debug_abbrev  0x00000000000007df      0x23e ./Drivers/STM32F4xx_HAL_Driver/Src/stm32f4xx_hal.o
 .debug_abbrev  0x0000000000000a1d      0x316 ./Drivers/STM32F4xx_HAL_Driver/Src/stm32f4xx_hal_cortex.o
 .debug_abbrev  0x0000000000000d33      0x2a8 ./Drivers/STM32F4xx_HAL_Driver/Src/stm32f4xx_hal_i2c.o
 .debug_abbrev  0x0000000000000fdb      0x2aa ./Drivers/STM32F4xx_HAL_Driver/Src/stm32f4xx_hal_rcc.o

.debug_aranges  0x0000000000000000      0x6a8
 .debug_aranges
                0x0000000000000000       0x58 ./Core/Src/BME280_STM32.o
 .debug_aranges
                0x0000000000000058       0x40 ./Core/Src/main.o
 .debug_aranges
                0x0000000000000098       0x30 ./Core/Src/stm32f4xx_hal_msp.o
 .debug_aranges
                0x00000000000000c8       0x60 ./Core/Src/stm32f4xx_it.o
 .debug_aranges
                0x0000000000000128       0x28 ./Core/Src/system_stm32f4xx.o
 .debug_aranges
                0x0000000000000150       0x28 ./Core/Startup/startup_stm32f411retx.o
 .debug_aranges
                0x0000000000000178       0xf0 ./Drivers/STM32F4xx_HAL_Driver/Src/stm32f4xx_hal.o
 .debug_aranges
                0x0000000000000268      0x118 ./Drivers/STM32F4xx_HAL_Driver/Src/stm32f4xx_hal_cortex.o
 .debug_aranges
                0x0000000000000380      0x2a0 ./Drivers/STM32F4xx_HAL_Driver/Src/stm32f4xx_hal_i2c.o
 .debug_aranges
                0x0000000000000620       0x88 ./Drivers/STM32F4xx_HAL_Driver/Src/stm32f4xx_hal_rcc.o

.debug_ranges   0x0000000000000000      0x628
 .debug_ranges  0x0000000000000000       0x48 ./Core/Src/BME280_STM32.o
 .debug_ranges  0x0000000000000048       0x30 ./Core/Src/main.o
 .debug_ranges  0x0000000000000078       0x20 ./Core/Src/stm32f4xx_hal_msp.o
 .debug_ranges  0x0000000000000098       0x50 ./Core/Src/stm32f4xx_it.o
 .debug_ranges  0x00000000000000e8       0x18 ./Core/Src/system_stm32f4xx.o
 .debug_ranges  0x0000000000000100       0x20 ./Core/Startup/startup_stm32f411retx.o
 .debug_ranges  0x0000000000000120       0xe0 ./Drivers/STM32F4xx_HAL_Driver/Src/stm32f4xx_hal.o
 .debug_ranges  0x0000000000000200      0x108 ./Drivers/STM32F4xx_HAL_Driver/Src/stm32f4xx_hal_cortex.o
 .debug_ranges  0x0000000000000308      0x2a8 ./Drivers/STM32F4xx_HAL_Driver/Src/stm32f4xx_hal_i2c.o
 .debug_ranges  0x00000000000005b0       0x78 ./Drivers/STM32F4xx_HAL_Driver/Src/stm32f4xx_hal_rcc.o

.debug_macro    0x0000000000000000    0x14a0d
 .debug_macro   0x0000000000000000      0x1ea ./Core/Src/BME280_STM32.o
 .debug_macro   0x00000000000001ea      0xa78 ./Core/Src/BME280_STM32.o
 .debug_macro   0x0000000000000c62      0x295 ./Core/Src/BME280_STM32.o
 .debug_macro   0x0000000000000ef7       0x2e ./Core/Src/BME280_STM32.o
 .debug_macro   0x0000000000000f25       0x28 ./Core/Src/BME280_STM32.o
 .debug_macro   0x0000000000000f4d       0x22 ./Core/Src/BME280_STM32.o
 .debug_macro   0x0000000000000f6f       0x8e ./Core/Src/BME280_STM32.o
 .debug_macro   0x0000000000000ffd       0x51 ./Core/Src/BME280_STM32.o
 .debug_macro   0x000000000000104e      0x103 ./Core/Src/BME280_STM32.o
 .debug_macro   0x0000000000001151       0x6a ./Core/Src/BME280_STM32.o
 .debug_macro   0x00000000000011bb      0x1df ./Core/Src/BME280_STM32.o
 .debug_macro   0x000000000000139a       0x1c ./Core/Src/BME280_STM32.o
 .debug_macro   0x00000000000013b6       0x22 ./Core/Src/BME280_STM32.o
 .debug_macro   0x00000000000013d8       0xd9 ./Core/Src/BME280_STM32.o
 .debug_macro   0x00000000000014b1     0x102d ./Core/Src/BME280_STM32.o
 .debug_macro   0x00000000000024de      0x11f ./Core/Src/BME280_STM32.o
 .debug_macro   0x00000000000025fd     0xb953 ./Core/Src/BME280_STM32.o
 .debug_macro   0x000000000000df50       0x6d ./Core/Src/BME280_STM32.o
 .debug_macro   0x000000000000dfbd     0x367e ./Core/Src/BME280_STM32.o
 .debug_macro   0x000000000001163b      0x174 ./Core/Src/BME280_STM32.o
 .debug_macro   0x00000000000117af       0x5c ./Core/Src/BME280_STM32.o
 .debug_macro   0x000000000001180b      0x447 ./Core/Src/BME280_STM32.o
 .debug_macro   0x0000000000011c52      0x9fe ./Core/Src/BME280_STM32.o
 .debug_macro   0x0000000000012650      0x115 ./Core/Src/BME280_STM32.o
 .debug_macro   0x0000000000012765      0x11b ./Core/Src/BME280_STM32.o
 .debug_macro   0x0000000000012880       0xa5 ./Core/Src/BME280_STM32.o
 .debug_macro   0x0000000000012925      0x15f ./Core/Src/BME280_STM32.o
 .debug_macro   0x0000000000012a84      0x287 ./Core/Src/BME280_STM32.o
 .debug_macro   0x0000000000012d0b       0x5f ./Core/Src/BME280_STM32.o
 .debug_macro   0x0000000000012d6a      0x236 ./Core/Src/BME280_STM32.o
 .debug_macro   0x0000000000012fa0      0x132 ./Core/Src/BME280_STM32.o
 .debug_macro   0x00000000000130d2      0x264 ./Core/Src/BME280_STM32.o
 .debug_macro   0x0000000000013336       0x2e ./Core/Src/BME280_STM32.o
 .debug_macro   0x0000000000013364      0x1b5 ./Core/Src/BME280_STM32.o
 .debug_macro   0x0000000000013519       0x22 ./Core/Src/BME280_STM32.o
 .debug_macro   0x000000000001353b       0xd6 ./Core/Src/BME280_STM32.o
 .debug_macro   0x0000000000013611      0x11a ./Core/Src/BME280_STM32.o
 .debug_macro   0x000000000001372b       0x85 ./Core/Src/BME280_STM32.o
 .debug_macro   0x00000000000137b0       0x89 ./Core/Src/BME280_STM32.o
 .debug_macro   0x0000000000013839      0x126 ./Core/Src/BME280_STM32.o
 .debug_macro   0x000000000001395f       0xb2 ./Core/Src/BME280_STM32.o
 .debug_macro   0x0000000000013a11      0x1dc ./Core/Src/main.o
 .debug_macro   0x0000000000013bed       0xb8 ./Core/Src/main.o
 .debug_macro   0x0000000000013ca5      0x1d3 ./Core/Src/stm32f4xx_hal_msp.o
 .debug_macro   0x0000000000013e78      0x1dd ./Core/Src/stm32f4xx_it.o
 .debug_macro   0x0000000000014055      0x1c9 ./Core/Src/system_stm32f4xx.o
 .debug_macro   0x000000000001421e      0x229 ./Drivers/STM32F4xx_HAL_Driver/Src/stm32f4xx_hal.o
 .debug_macro   0x0000000000014447      0x1c9 ./Drivers/STM32F4xx_HAL_Driver/Src/stm32f4xx_hal_cortex.o
 .debug_macro   0x0000000000014610      0x210 ./Drivers/STM32F4xx_HAL_Driver/Src/stm32f4xx_hal_i2c.o
 .debug_macro   0x0000000000014820      0x1ed ./Drivers/STM32F4xx_HAL_Driver/Src/stm32f4xx_hal_rcc.o

.debug_line     0x0000000000000000     0x8480
 .debug_line    0x0000000000000000      0xaf6 ./Core/Src/BME280_STM32.o
 .debug_line    0x0000000000000af6      0x77c ./Core/Src/main.o
 .debug_line    0x0000000000001272      0x6f1 ./Core/Src/stm32f4xx_hal_msp.o
 .debug_line    0x0000000000001963      0x766 ./Core/Src/stm32f4xx_it.o
 .debug_line    0x00000000000020c9      0x725 ./Core/Src/system_stm32f4xx.o
 .debug_line    0x00000000000027ee       0x88 ./Core/Startup/startup_stm32f411retx.o
 .debug_line    0x0000000000002876      0x98b ./Drivers/STM32F4xx_HAL_Driver/Src/stm32f4xx_hal.o
 .debug_line    0x0000000000003201      0xc3a ./Drivers/STM32F4xx_HAL_Driver/Src/stm32f4xx_hal_cortex.o
 .debug_line    0x0000000000003e3b     0x3940 ./Drivers/STM32F4xx_HAL_Driver/Src/stm32f4xx_hal_i2c.o
 .debug_line    0x000000000000777b      0xd05 ./Drivers/STM32F4xx_HAL_Driver/Src/stm32f4xx_hal_rcc.o

.debug_str      0x0000000000000000    0x81acf
 .debug_str     0x0000000000000000    0x7fb4f ./Core/Src/BME280_STM32.o
                                      0x7fe24 (size before relaxing)
 .debug_str     0x000000000007fb4f      0x2cc ./Core/Src/main.o
                                      0x7fec8 (size before relaxing)
 .debug_str     0x000000000007fe1b       0xd3 ./Core/Src/stm32f4xx_hal_msp.o
                                      0x7fbb2 (size before relaxing)
 .debug_str     0x000000000007feee       0xc9 ./Core/Src/stm32f4xx_it.o
                                      0x7f583 (size before relaxing)
 .debug_str     0x000000000007ffb7       0xdb ./Core/Src/system_stm32f4xx.o
                                      0x7f6bf (size before relaxing)
 .debug_str     0x0000000000080092       0x36 ./Core/Startup/startup_stm32f411retx.o
                                         0x7d (size before relaxing)
 .debug_str     0x00000000000800c8      0x9b8 ./Drivers/STM32F4xx_HAL_Driver/Src/stm32f4xx_hal.o
                                      0x800eb (size before relaxing)
 .debug_str     0x0000000000080a80      0x34a ./Drivers/STM32F4xx_HAL_Driver/Src/stm32f4xx_hal_cortex.o
                                      0x7fe0c (size before relaxing)
 .debug_str     0x0000000000080dca      0xaf2 ./Drivers/STM32F4xx_HAL_Driver/Src/stm32f4xx_hal_i2c.o
                                      0x8067d (size before relaxing)
 .debug_str     0x00000000000818bc      0x213 ./Drivers/STM32F4xx_HAL_Driver/Src/stm32f4xx_hal_rcc.o
                                      0x7faf3 (size before relaxing)

.comment        0x0000000000000000       0x50
 .comment       0x0000000000000000       0x50 ./Core/Src/BME280_STM32.o
                                         0x51 (size before relaxing)
 .comment       0x0000000000000050       0x51 ./Core/Src/main.o
 .comment       0x0000000000000050       0x51 ./Core/Src/stm32f4xx_hal_msp.o
 .comment       0x0000000000000050       0x51 ./Core/Src/stm32f4xx_it.o
 .comment       0x0000000000000050       0x51 ./Core/Src/system_stm32f4xx.o
 .comment       0x0000000000000050       0x51 ./Drivers/STM32F4xx_HAL_Driver/Src/stm32f4xx_hal.o
 .comment       0x0000000000000050       0x51 ./Drivers/STM32F4xx_HAL_Driver/Src/stm32f4xx_hal_cortex.o
 .comment       0x0000000000000050       0x51 ./Drivers/STM32F4xx_HAL_Driver/Src/stm32f4xx_hal_i2c.o
 .comment       0x0000000000000050       0x51 ./Drivers/STM32F4xx_HAL_Driver/Src/stm32f4xx_hal_rcc.o

.debug_frame    0x0000000000000000     0x1c44
 .debug_frame   0x0000000000000000      0x14c ./Core/Src/BME280_STM32.o
 .debug_frame   0x000000000000014c       0xb0 ./Core/Src/main.o
 .debug_frame   0x00000000000001fc       0x80 ./Core/Src/stm32f4xx_hal_msp.o
 .debug_frame   0x000000000000027c      0x104 ./Core/Src/stm32f4xx_it.o
 .debug_frame   0x0000000000000380       0x58 ./Core/Src/system_stm32f4xx.o
 .debug_frame   0x00000000000003d8      0x374 ./Drivers/STM32F4xx_HAL_Driver/Src/stm32f4xx_hal.o
 .debug_frame   0x000000000000074c      0x498 ./Drivers/STM32F4xx_HAL_Driver/Src/stm32f4xx_hal_cortex.o
 .debug_frame   0x0000000000000be4      0xc5c ./Drivers/STM32F4xx_HAL_Driver/Src/stm32f4xx_hal_i2c.o
 .debug_frame   0x0000000000001840      0x1f4 ./Drivers/STM32F4xx_HAL_Driver/Src/stm32f4xx_hal_rcc.o
 .debug_frame   0x0000000000001a34       0x2c c:/st/stm32cubeide_1.10.1/stm32cubeide/plugins/com.st.stm32cube.ide.mcu.externaltools.gnu-tools-for-stm32.10.3-2021.10.win32_1.0.0.202111181127/tools/bin/../lib/gcc/arm-none-eabi/10.3.1/../../../../arm-none-eabi/lib/thumb/v7e-m+fp/hard\libc_nano.a(lib_a-init.o)
 .debug_frame   0x0000000000001a60       0x20 c:/st/stm32cubeide_1.10.1/stm32cubeide/plugins/com.st.stm32cube.ide.mcu.externaltools.gnu-tools-for-stm32.10.3-2021.10.win32_1.0.0.202111181127/tools/bin/../lib/gcc/arm-none-eabi/10.3.1/../../../../arm-none-eabi/lib/thumb/v7e-m+fp/hard\libc_nano.a(lib_a-memset.o)
 .debug_frame   0x0000000000001a80       0xac c:/st/stm32cubeide_1.10.1/stm32cubeide/plugins/com.st.stm32cube.ide.mcu.externaltools.gnu-tools-for-stm32.10.3-2021.10.win32_1.0.0.202111181127/tools/bin/../lib/gcc/arm-none-eabi/10.3.1/thumb/v7e-m+fp/hard\libgcc.a(_arm_addsubdf3.o)
 .debug_frame   0x0000000000001b2c       0x50 c:/st/stm32cubeide_1.10.1/stm32cubeide/plugins/com.st.stm32cube.ide.mcu.externaltools.gnu-tools-for-stm32.10.3-2021.10.win32_1.0.0.202111181127/tools/bin/../lib/gcc/arm-none-eabi/10.3.1/thumb/v7e-m+fp/hard\libgcc.a(_arm_muldivdf3.o)
 .debug_frame   0x0000000000001b7c       0x24 c:/st/stm32cubeide_1.10.1/stm32cubeide/plugins/com.st.stm32cube.ide.mcu.externaltools.gnu-tools-for-stm32.10.3-2021.10.win32_1.0.0.202111181127/tools/bin/../lib/gcc/arm-none-eabi/10.3.1/thumb/v7e-m+fp/hard\libgcc.a(_arm_truncdfsf2.o)
 .debug_frame   0x0000000000001ba0       0x44 c:/st/stm32cubeide_1.10.1/stm32cubeide/plugins/com.st.stm32cube.ide.mcu.externaltools.gnu-tools-for-stm32.10.3-2021.10.win32_1.0.0.202111181127/tools/bin/../lib/gcc/arm-none-eabi/10.3.1/thumb/v7e-m+fp/hard\libgcc.a(_aeabi_ldivmod.o)
 .debug_frame   0x0000000000001be4       0x2c c:/st/stm32cubeide_1.10.1/stm32cubeide/plugins/com.st.stm32cube.ide.mcu.externaltools.gnu-tools-for-stm32.10.3-2021.10.win32_1.0.0.202111181127/tools/bin/../lib/gcc/arm-none-eabi/10.3.1/thumb/v7e-m+fp/hard\libgcc.a(_aeabi_uldivmod.o)
 .debug_frame   0x0000000000001c10       0x34 c:/st/stm32cubeide_1.10.1/stm32cubeide/plugins/com.st.stm32cube.ide.mcu.externaltools.gnu-tools-for-stm32.10.3-2021.10.win32_1.0.0.202111181127/tools/bin/../lib/gcc/arm-none-eabi/10.3.1/thumb/v7e-m+fp/hard\libgcc.a(_udivmoddi4.o)
