../Core/Inc/lcd.h:24:6:LCD_string	24	static
../Core/Inc/lcd.h:33:6:lcd_Init	8	static
../Core/Inc/lcd.h:51:6:PORTS_init	4	static
../Core/Inc/lcd.h:65:6:LCD_nibble_write	16	static,ignoring_inline_asm
../Core/Inc/lcd.h:80:6:LCD_command	16	static
../Core/Inc/lcd.h:90:6:LCD_data	16	static
../Core/Inc/lcd.h:96:6:delay	24	static
../Core/Src/main.c:67:5:main	168	static
../Core/Src/main.c:154:6:SystemClock_Config	88	static
../Core/Src/main.c:196:13:MX_USART1_UART_Init	8	static
../Core/Src/main.c:229:13:MX_GPIO_Init	16	static
../Core/Src/main.c:245:6:Error_Handler	4	static,ignoring_inline_asm
