../Core/Inc/lcd.h:38:6:LCD_string	24	static
../Core/Inc/lcd.h:47:6:LCD_init	8	static
../Core/Inc/lcd.h:65:6:PORTS_init	4	static
../Core/Inc/lcd.h:79:6:LCD_nibble_write	16	static
../Core/Inc/lcd.h:94:6:LCD_command	16	static
../Core/Inc/lcd.h:104:6:LCD_data	16	static
../Core/Inc/lcd.h:111:6:delay	24	static
../Core/Src/main.c:66:5:main	32	static
../Core/Src/main.c:136:6:SystemClock_Config	88	static
../Core/Src/main.c:178:13:MX_USART2_UART_Init	8	static
../Core/Src/main.c:211:13:MX_GPIO_Init	40	static
../Core/Src/main.c:246:6:Error_Handler	4	static,ignoring_inline_asm
