../Core/Inc/LCD.h:38:6:LCD_string	24	static
../Core/Inc/LCD.h:47:6:LCD_init	8	static
../Core/Inc/LCD.h:65:6:PORTS_init	4	static
../Core/Inc/LCD.h:79:6:LCD_nibble_write	16	static
../Core/Inc/LCD.h:94:6:LCD_command	16	static
../Core/Inc/LCD.h:104:6:LCD_data	16	static
../Core/Inc/LCD.h:111:6:delay	24	static
../Core/Src/main.c:65:5:main	48	static
../Core/Src/main.c:130:6:SystemClock_Config	88	static
../Core/Src/main.c:172:13:MX_ADC1_Init	24	static
../Core/Src/main.c:224:13:MX_GPIO_Init	24	static
../Core/Src/main.c:243:6:Error_Handler	4	static,ignoring_inline_asm
