21:08:22 **** Incremental Build of configuration Debug for project ADC_LIGHT_INTENSITY_CONTROL ****
make -j12 all 
arm-none-eabi-gcc "../Core/Src/main.c" -mcpu=cortex-m4 -std=gnu11 -g3 -DDEBUG -DUSE_HAL_DRIVER -DSTM32F411xE -c -I../Core/Inc -I../Drivers/STM32F4xx_HAL_Driver/Inc -I../Drivers/STM32F4xx_HAL_Driver/Inc/Legacy -I../Drivers/CMSIS/Device/ST/STM32F4xx/Include -I../Drivers/CMSIS/Include -O0 -ffunction-sections -fdata-sections -Wall -fstack-usage -MMD -MP -MF"Core/Src/main.d" -MT"Core/Src/main.o" --specs=nano.specs -mfpu=fpv4-sp-d16 -mfloat-abi=hard -mthumb -o "Core/Src/main.o"
arm-none-eabi-gcc -o "ADC_LIGHT_INTENSITY_CONTROL.elf" @"objects.list"   -mcpu=cortex-m4 -T"C:\Users\PHY202209EF07\STM32CubeIDE\workspace_1.10.1\ADC_LIGHT_INTENSITY_CONTROL\STM32F411RETX_FLASH.ld" --specs=nosys.specs -Wl,-Map="ADC_LIGHT_INTENSITY_CONTROL.map" -Wl,--gc-sections -static --specs=nano.specs -mfpu=fpv4-sp-d16 -mfloat-abi=hard -mthumb -Wl,--start-group -lc -lm -Wl,--end-group
Finished building target: ADC_LIGHT_INTENSITY_CONTROL.elf
 
arm-none-eabi-size   ADC_LIGHT_INTENSITY_CONTROL.elf 
arm-none-eabi-objdump -h -S  ADC_LIGHT_INTENSITY_CONTROL.elf  > "ADC_LIGHT_INTENSITY_CONTROL.list"
   text	   data	    bss	    dec	    hex	filename
   8724	     20	   1644	  10388	   2894	ADC_LIGHT_INTENSITY_CONTROL.elf
Finished building: default.size.stdout
 
Finished building: ADC_LIGHT_INTENSITY_CONTROL.list
 

21:08:22 Build Finished. 0 errors, 0 warnings. (took 472ms)

