15:48:44 **** Incremental Build of configuration Debug for project BUTTON_LED_TOGGLE ****
make -j12 all 
arm-none-eabi-gcc "../Core/Src/main.c" -mcpu=cortex-m4 -std=gnu11 -g3 -DDEBUG -DUSE_HAL_DRIVER -DSTM32F411xE -c -I../Core/Inc -I../Drivers/STM32F4xx_HAL_Driver/Inc -I../Drivers/STM32F4xx_HAL_Driver/Inc/Legacy -I../Drivers/CMSIS/Device/ST/STM32F4xx/Include -I../Drivers/CMSIS/Include -O0 -ffunction-sections -fdata-sections -Wall -fstack-usage -MMD -MP -MF"Core/Src/main.d" -MT"Core/Src/main.o" --specs=nano.specs -mfpu=fpv4-sp-d16 -mfloat-abi=hard -mthumb -o "Core/Src/main.o"
arm-none-eabi-gcc -o "BUTTON_LED_TOGGLE.elf" @"objects.list"   -mcpu=cortex-m4 -T"C:\Users\PHY202209EF07\STM32CubeIDE\workspace_1.10.1\BUTTON_LED_TOGGLE\STM32F411RETX_FLASH.ld" --specs=nosys.specs -Wl,-Map="BUTTON_LED_TOGGLE.map" -Wl,--gc-sections -static --specs=nano.specs -mfpu=fpv4-sp-d16 -mfloat-abi=hard -mthumb -Wl,--start-group -lc -lm -Wl,--end-group
Finished building target: BUTTON_LED_TOGGLE.elf
 
arm-none-eabi-size   BUTTON_LED_TOGGLE.elf 
arm-none-eabi-objdump -h -S  BUTTON_LED_TOGGLE.elf  > "BUTTON_LED_TOGGLE.list"
   text	   data	    bss	    dec	    hex	filename
   5772	     20	   1572	   7364	   1cc4	BUTTON_LED_TOGGLE.elf
Finished building: default.size.stdout
 
Finished building: BUTTON_LED_TOGGLE.list
 

15:48:45 Build Finished. 0 errors, 0 warnings. (took 451ms)

