17:10:50 **** Build of configuration Debug for project GPIO_BUTTON_LED ****
make -j12 all 
arm-none-eabi-gcc "../Core/Src/main.c" -mcpu=cortex-m4 -std=gnu11 -g3 -DDEBUG -DUSE_HAL_DRIVER -DSTM32F411xE -c -I../Core/Inc -I../Drivers/STM32F4xx_HAL_Driver/Inc -I../Drivers/STM32F4xx_HAL_Driver/Inc/Legacy -I../Drivers/CMSIS/Device/ST/STM32F4xx/Include -I../Drivers/CMSIS/Include -O0 -ffunction-sections -fdata-sections -Wall -fstack-usage -MMD -MP -MF"Core/Src/main.d" -MT"Core/Src/main.o" --specs=nano.specs -mfpu=fpv4-sp-d16 -mfloat-abi=hard -mthumb -o "Core/Src/main.o"
arm-none-eabi-gcc -o "GPIO_BUTTON_LED.elf" @"objects.list"   -mcpu=cortex-m4 -T"C:\Users\PHY202209EF07\STM32CubeIDE\workspace_1.10.1\GPIO_BUTTON_LED\STM32F411RETX_FLASH.ld" --specs=nosys.specs -Wl,-Map="GPIO_BUTTON_LED.map" -Wl,--gc-sections -static --specs=nano.specs -mfpu=fpv4-sp-d16 -mfloat-abi=hard -mthumb -Wl,--start-group -lc -lm -Wl,--end-group
Finished building target: GPIO_BUTTON_LED.elf
 
arm-none-eabi-size   GPIO_BUTTON_LED.elf 
arm-none-eabi-objdump -h -S  GPIO_BUTTON_LED.elf  > "GPIO_BUTTON_LED.list"
   text	   data	    bss	    dec	    hex	filename
    984	     12	   1572	   2568	    a08	GPIO_BUTTON_LED.elf
Finished building: default.size.stdout
 
Finished building: GPIO_BUTTON_LED.list
 

17:10:51 Build Finished. 0 errors, 0 warnings. (took 617ms)

