17:28:41 **** Incremental Build of configuration Debug for project LDR_Relay ****
make -j12 all 
arm-none-eabi-gcc "../Core/Src/main.c" -mcpu=cortex-m4 -std=gnu11 -g3 -DDEBUG -DUSE_HAL_DRIVER -DSTM32F411xE -c -I../Core/Inc -I../Drivers/STM32F4xx_HAL_Driver/Inc -I../Drivers/STM32F4xx_HAL_Driver/Inc/Legacy -I../Drivers/CMSIS/Device/ST/STM32F4xx/Include -I../Drivers/CMSIS/Include -O0 -ffunction-sections -fdata-sections -Wall -fstack-usage -MMD -MP -MF"Core/Src/main.d" -MT"Core/Src/main.o" --specs=nano.specs -mfpu=fpv4-sp-d16 -mfloat-abi=hard -mthumb -o "Core/Src/main.o"
arm-none-eabi-gcc -o "LDR_Relay.elf" @"objects.list"   -mcpu=cortex-m4 -T"C:\Users\PHY202209EF07\STM32CubeIDE\workspace_1.10.1\LDR_Relay\STM32F411RETX_FLASH.ld" --specs=nosys.specs -Wl,-Map="LDR_Relay.map" -Wl,--gc-sections -static --specs=nano.specs -mfpu=fpv4-sp-d16 -mfloat-abi=hard -mthumb -Wl,--start-group -lc -lm -Wl,--end-group
Finished building target: LDR_Relay.elf
 
arm-none-eabi-size   LDR_Relay.elf 
arm-none-eabi-objdump -h -S  LDR_Relay.elf  > "LDR_Relay.list"
   text	   data	    bss	    dec	    hex	filename
   8756	     20	   1644	  10420	   28b4	LDR_Relay.elf
Finished building: default.size.stdout
 
Finished building: LDR_Relay.list
 

17:28:42 Build Finished. 0 errors, 0 warnings. (took 517ms)

