09:18:31 **** Incremental Build of configuration Debug for project pr2 ****
make -j12 all 
arm-none-eabi-gcc "../Core/Src/main.c" -mcpu=cortex-m4 -std=gnu11 -g3 -DDEBUG -DUSE_HAL_DRIVER -DSTM32F411xE -c -I../Core/Inc -I../Drivers/STM32F4xx_HAL_Driver/Inc -I../Drivers/STM32F4xx_HAL_Driver/Inc/Legacy -I../Drivers/CMSIS/Device/ST/STM32F4xx/Include -I../Drivers/CMSIS/Include -O0 -ffunction-sections -fdata-sections -Wall -fstack-usage -MMD -MP -MF"Core/Src/main.d" -MT"Core/Src/main.o" --specs=nano.specs -mfpu=fpv4-sp-d16 -mfloat-abi=hard -mthumb -o "Core/Src/main.o"
arm-none-eabi-gcc -o "pr2.elf" @"objects.list"   -mcpu=cortex-m4 -T"C:\Users\PHY202209EF07\STM32CubeIDE\workspace_1.10.1\pr2\STM32F411RETX_FLASH.ld" --specs=nosys.specs -Wl,-Map="pr2.map" -Wl,--gc-sections -static --specs=nano.specs -mfpu=fpv4-sp-d16 -mfloat-abi=hard -mthumb -Wl,--start-group -lc -lm -Wl,--end-group
Finished building target: pr2.elf
 
arm-none-eabi-size   pr2.elf 
arm-none-eabi-objdump -h -S  pr2.elf  > "pr2.list"
   text	   data	    bss	    dec	    hex	filename
   1068	     12	   1572	   2652	    a5c	pr2.elf
Finished building: default.size.stdout
 
Finished building: pr2.list
 

09:18:32 Build Finished. 0 errors, 0 warnings. (took 1s.504ms)

