11:38:50 **** Incremental Build of configuration Debug for project TIMER4_CH3 ****
make -j12 all 
arm-none-eabi-gcc "../Core/Src/main.c" -mcpu=cortex-m4 -std=gnu11 -g3 -DDEBUG -DUSE_HAL_DRIVER -DSTM32F411xE -c -I../Core/Inc -I../Drivers/STM32F4xx_HAL_Driver/Inc -I../Drivers/STM32F4xx_HAL_Driver/Inc/Legacy -I../Drivers/CMSIS/Device/ST/STM32F4xx/Include -I../Drivers/CMSIS/Include -O0 -ffunction-sections -fdata-sections -Wall -fstack-usage -MMD -MP -MF"Core/Src/main.d" -MT"Core/Src/main.o" --specs=nano.specs -mfpu=fpv4-sp-d16 -mfloat-abi=hard -mthumb -o "Core/Src/main.o"
arm-none-eabi-gcc -o "TIMER4_CH3.elf" @"objects.list"   -mcpu=cortex-m4 -T"C:\Users\PHY202209EF07\STM32CubeIDE\workspace_1.10.1\TIMER4_CH3\STM32F411RETX_FLASH.ld" --specs=nosys.specs -Wl,-Map="TIMER4_CH3.map" -Wl,--gc-sections -static --specs=nano.specs -mfpu=fpv4-sp-d16 -mfloat-abi=hard -mthumb -Wl,--start-group -lc -lm -Wl,--end-group
Finished building target: TIMER4_CH3.elf
 
arm-none-eabi-size   TIMER4_CH3.elf 
arm-none-eabi-objdump -h -S  TIMER4_CH3.elf  > "TIMER4_CH3.list"
   text	   data	    bss	    dec	    hex	filename
   9980	     20	   1644	  11644	   2d7c	TIMER4_CH3.elf
Finished building: default.size.stdout
 
Finished building: TIMER4_CH3.list
 

11:38:51 Build Finished. 0 errors, 0 warnings. (took 517ms)

