08:26:24 **** Incremental Build of configuration Debug for project USART1_LCD_WITH_RFID ****
make -j12 all 
arm-none-eabi-gcc "../Core/Src/main.c" -mcpu=cortex-m4 -std=gnu11 -g3 -DDEBUG -DUSE_HAL_DRIVER -DSTM32F411xE -c -I../Core/Inc -I../Drivers/STM32F4xx_HAL_Driver/Inc -I../Drivers/STM32F4xx_HAL_Driver/Inc/Legacy -I../Drivers/CMSIS/Device/ST/STM32F4xx/Include -I../Drivers/CMSIS/Include -O0 -ffunction-sections -fdata-sections -Wall -fstack-usage -MMD -MP -MF"Core/Src/main.d" -MT"Core/Src/main.o" --specs=nano.specs -mfpu=fpv4-sp-d16 -mfloat-abi=hard -mthumb -o "Core/Src/main.o"
../Core/Src/main.c: In function 'HAL_UART_RxCpltCallback':
../Core/Src/main.c:117:12: warning: pointer targets in passing argument 1 of 'strcmp' differ in signedness [-Wpointer-sign]
  117 |  if(strcmp(data_buf,"18")==0)
      |            ^~~~~~~~
      |            |
      |            uint8_t * {aka unsigned char *}
In file included from ../Core/Src/main.c:21:
c:\st\stm32cubeide_1.10.1\stm32cubeide\plugins\com.st.stm32cube.ide.mcu.externaltools.gnu-tools-for-stm32.10.3-2021.10.win32_1.0.0.202111181127\tools\arm-none-eabi\include\string.h:36:14: note: expected 'const char *' but argument is of type 'uint8_t *' {aka 'unsigned char *'}
   36 | int  strcmp (const char *, const char *);
      |              ^~~~~~~~~~~~
../Core/Src/main.c:123:17: warning: pointer targets in passing argument 1 of 'strcmp' differ in signedness [-Wpointer-sign]
  123 |  else if(strcmp(data_buf,"3E")==0)
      |                 ^~~~~~~~
      |                 |
      |                 uint8_t * {aka unsigned char *}
In file included from ../Core/Src/main.c:21:
c:\st\stm32cubeide_1.10.1\stm32cubeide\plugins\com.st.stm32cube.ide.mcu.externaltools.gnu-tools-for-stm32.10.3-2021.10.win32_1.0.0.202111181127\tools\arm-none-eabi\include\string.h:36:14: note: expected 'const char *' but argument is of type 'uint8_t *' {aka 'unsigned char *'}
   36 | int  strcmp (const char *, const char *);
      |              ^~~~~~~~~~~~
../Core/Src/main.c:129:17: warning: pointer targets in passing argument 1 of 'strcmp' differ in signedness [-Wpointer-sign]
  129 |  else if(strcmp(data_buf,"55")==0)
      |                 ^~~~~~~~
      |                 |
      |                 uint8_t * {aka unsigned char *}
In file included from ../Core/Src/main.c:21:
c:\st\stm32cubeide_1.10.1\stm32cubeide\plugins\com.st.stm32cube.ide.mcu.externaltools.gnu-tools-for-stm32.10.3-2021.10.win32_1.0.0.202111181127\tools\arm-none-eabi\include\string.h:36:14: note: expected 'const char *' but argument is of type 'uint8_t *' {aka 'unsigned char *'}
   36 | int  strcmp (const char *, const char *);
      |              ^~~~~~~~~~~~
arm-none-eabi-gcc -o "USART1_LCD_WITH_RFID.elf" @"objects.list"   -mcpu=cortex-m4 -T"C:\Users\PHY202209EF07\STM32CubeIDE\workspace_1.10.1\USART1_Interupt\STM32F411RETX_FLASH.ld" --specs=nosys.specs -Wl,-Map="USART1_LCD_WITH_RFID.map" -Wl,--gc-sections -static --specs=nano.specs -mfpu=fpv4-sp-d16 -mfloat-abi=hard -mthumb -Wl,--start-group -lc -lm -Wl,--end-group
Finished building target: USART1_LCD_WITH_RFID.elf
 
arm-none-eabi-size   USART1_LCD_WITH_RFID.elf 
arm-none-eabi-objdump -h -S  USART1_LCD_WITH_RFID.elf  > "USART1_LCD_WITH_RFID.list"
   text	   data	    bss	    dec	    hex	filename
  11808	     24	   1696	  13528	   34d8	USART1_LCD_WITH_RFID.elf
Finished building: default.size.stdout
 
Finished building: USART1_LCD_WITH_RFID.list
 

08:26:25 Build Finished. 0 errors, 3 warnings. (took 450ms)

